// 重构日志: 50c71e15
// 重构日志: 2f3318f5
// 重构日志: 84395a55
// 重构日志: 128bb49a
// 同步 ID: 0dd7a470 @ Fri Jul 24 00:16:38 UTC 2026
// 重构日志: 645a2466
// 重构日志: 3c56136e
// 同步 ID: 3e7c4701 @ Sat Jul 25 12:36:07 UTC 2026
// 同步 ID: 27ece567 @ Sat Jul 25 14:11:54 UTC 2026
// 同步 ID: 317021f5 @ Sun Jul 26 10:54:05 UTC 2026
// 同步 ID: 1329267c @ Sun Jul 26 14:58:37 UTC 2026
// 同步 ID: 481a66ce @ Sun Jul 26 17:46:36 UTC 2026
// 重构日志: 7c2f295e
// 同步 ID: 1f96c994 @ Wed Jul 29 07:57:43 UTC 2026
// 同步 ID: 15a9b370 @ Wed Jul 29 16:04:08 UTC 2026
// 重构日志: a976abd1
// 同步 ID: dcc88835 @ Thu Jul 30 04:26:11 UTC 2026
// 同步 ID: 3c5d85d6 @ Thu Jul 30 12:54:55 UTC 2026
// 同步 ID: 1df64751 @ Fri Jul 31 05:01:31 UTC 2026
// 重构日志: d4598e80
// 重构日志: 602eca60
// 同步 ID: 7cb90f42 @ Sat Aug  1 04:46:14 UTC 2026
// 同步 ID: 01c38b86 @ Sat Aug  1 12:05:02 UTC 2026
// 重构日志: 99b2e73f
// 重构日志: 9dfa3344
// 重构日志: 97a01d3f
// 重构日志: 79098726
// 重构日志: 61b76e55
// 重构日志: c41fb7d3
// 同步 ID: 6625fc8f @ Mon Aug  3 01:07:36 UTC 2026
// 重构日志: ccfb3f94
